-4*a + 3*b + -6*c
a + -1*b

2*u + 2*v + 2*w + 2*x + 2*y + 2*z + 2*a*a + 2*b*b + 2*c*c + 2*d*d
1
