8*x*a + -12*y*a + 2*x*b + -3*y*b
-10*a*x + 15*b*x + -20*c*x + 2*a*y + -3*b*y + 4*c*y + -6*a*z + 9*b*z + -12*c*z
a*k + b*k + c*k + d*k + e*k + f*k + g*k + h*k + i*k + j*k + a*l + b*l + c*l + d*l + e*l + f*l + g*l + h*l + i*l + j*l + a*m + b*m + c*m + d*m + e*m + f*m + g*m + h*m + i*m + j*m + a*n + b*n + c*n + d*n + e*n + f*n + g*n + h*n + i*n + j*n + a*o + b*o + c*o + d*o + e*o + f*o + g*o + h*o + i*o + j*o + a*p + b*p + c*p + d*p + e*p + f*p + g*p + h*p + i*p + j*p + a*q + b*q + c*q + d*q + e*q + f*q + g*q + h*q + i*q + j*q + a*r + b*r + c*r + d*r + e*r + f*r + g*r + h*r + i*r + j*r + a*s + b*s + c*s + d*s + e*s + f*s + g*s + h*s + i*s + j*s + a*t + b*t + c*t + d*t + e*t + f*t + g*t + h*t + i*t + j*t

