error
error
error
error
3 + 3*z*h
a + 2*b + 3*c + 4*d + 5*e + 6*f + 7*g + 8*h + 9*i + 10*j
