-4*x + 2*y + 5*z
x + y
-1*x
-1000000*x + 500000*y + 300000*z
2*k + 2*l + 2*m + 2*n + 2*o + 2*p + 2*q + 2*r + 2*s + 2*t
